// Jest Snapshot v1, https://goo.gl/fbAQLP

exports[`OrganizationProvider should be able return correctly 1`] = `
Object {
  "current": Object {
    "currentOrganization": null,
    "currentOrganizations": Array [],
    "fetchOrganizations": [Function],
    "isLoading": true,
    "organizationList": Array [],
    "setCurrentOrganizations": [Function],
  },
}
`;
